
> vora-web-app@0.1.0 build
> next build

node.exe : The Next Bundle 
Analyzer is not compatible 
with Turbopack builds, no 
report will be generated.
At C:\Users\FADIA\nodejs\npm
.ps1:29 char:3
+   & $NODE_EXE $NPM_CLI_JS 
$args
+   ~~~~~~~~~~~~~~~~~~~~~~~~
~~~~~
    + CategoryInfo          
    : NotSpecified: (The N  
  ext Bundle...l be gener   
 ated.:String) [], Remot    
eException
    + FullyQualifiedErrorId 
    : NativeCommandError
 

Consider trying the new 
Turbopack analyzer via 
`next experimental-analyze`.

See https://nextjs.org/docs/
app/guides/package-bundling 
for more information

To run this analysis pass 
the `--webpack` flag to 
`next build`
ΓÜá Warning: Next.js 
inferred your workspace 
root, but it may not be 
correct.
 We detected multiple 
lockfiles and selected the 
directory of C:\Users\FADIA\
package-lock.json as the 
root directory.
 To silence this warning, 
set `turbopack.root` in 
your Next.js config, or 
consider removing one of 
the lockfiles if it's not 
needed.
   See https://nextjs.org/do
cs/app/api-reference/config/
next-config-js/turbopack#roo
t-directory for more 
information.
 Detected additional 
lockfiles: 
   * C:\Users\FADIA\Target-T
racking-Goal\prompter\vora-w
eb-app\package-lock.json

Γû▓ Next.js 16.1.6 (Turbopack)
- Environments: .env

ΓÜá The "middleware" file 
convention is deprecated. 
Please use "proxy" instead. 
Learn more: https://nextjs.o
rg/docs/messages/middleware-
to-proxy
  Creating an optimized production build ...
The Next Bundle Analyzer is 
not compatible with 
Turbopack builds, no report 
will be generated.

Consider trying the new 
Turbopack analyzer via 
`next experimental-analyze`.

See https://nextjs.org/docs/
app/guides/package-bundling 
for more information

To run this analysis pass 
the `--webpack` flag to 
`next build`
Γ£ô Compiled successfully in 9.5s
  Running TypeScript ...
  Collecting page data using 7 workers ...
ΓÜá∩╕Å  CSRF_SECRET not set 
in production environment!
  Generating static pages using 7 workers (0/24) ...
  Generating static pages using 7 workers (6/24) 
  Generating static pages using 7 workers (12/24) 
ΓÜá∩╕Å  CSRF_SECRET not set 
in production environment!
  Generating static pages using 7 workers (18/24) 
Γ£ô Generating static pages using 7 workers (24/24) in 416.2ms
  Finalizing page optimization ...

Route (app)
Γöî ╞Æ /
Γö£ ╞Æ /_not-found
Γö£ ╞Æ /analytics
Γö£ ╞Æ /api/analytics/chart
Γö£ ╞Æ /api/analytics/completion-rate
Γö£ ╞Æ /api/analytics/heatmap
Γö£ ╞Æ /api/analytics/heatmap/[date]
Γö£ ╞Æ /api/analytics/stats
Γö£ ╞Æ /api/auth/[...nextauth]
Γö£ ╞Æ /api/auth/register
Γö£ ╞Æ /api/categories
Γö£ ╞Æ /api/categories/[id]
Γö£ ╞Æ /api/categories/reorder
Γö£ ╞Æ /api/completions/dates
Γö£ ╞Æ /api/csrf-token
Γö£ ╞Æ /api/habits
Γö£ ╞Æ /api/habits/[id]
Γö£ ╞Æ /api/habits/[id]/complete
Γö£ ╞Æ /api/habits/[id]/stats
Γö£ ╞Æ /api/mood-checkins
Γö£ ╞Æ /api/protected-example
Γö£ ╞Æ /api/tasks
Γö£ ╞Æ /api/tasks/[id]
Γö£ ╞Æ /api/tasks/[taskId]/postpone-history
Γö£ ╞Æ /api/tasks/[taskId]/subtasks
Γö£ ╞Æ /api/tasks/[taskId]/subtasks/[id]
Γö£ ╞Æ /api/tasks/auto-postpone
Γö£ ╞Æ /login
Γö£ ╞Æ /offline
Γö£ ╞Æ /profile
Γö£ ╞Æ /register
Γöö ╞Æ /tasks


╞Æ Proxy (Middleware)

╞Æ  (Dynamic)  server-rendered on demand

